// Jest Snapshot v1, https://goo.gl/fbAQLP

exports[`AddProductModal should match snapshot 1`] = `
<div
  class="modal"
  data-testid="add-product-modal"
>
  <div
    class="modal__wrapper"
  >
    <div
      class="modal__overlay"
    />
    <div
      class="modal__content"
    >
      <p
        class="title title--h4"
      >
        Добавить товар в корзину
      </p>
      <div
        class="basket-item basket-item--short"
      >
        <div
          class="basket-item__img"
        >
          <picture>
            <source
              srcset="/testImg.webp, /testImg@2x.webp"
              type="image/webp"
            />
            <img
              alt="Test product"
              height="120"
              src="/testImg.jpg"
              srcset="/testImg@2x.jpg"
              width="140"
            />
          </picture>
        </div>
        <div
          class="basket-item__description"
        >
          <p
            class="basket-item__title"
          >
            Test product
          </p>
          <ul
            class="basket-item__list"
          >
            <li
              class="basket-item__list-item"
            >
              <span
                class="basket-item__article"
              >
                Артикул:
              </span>
              <span
                class="basket-item__number"
              >
                12345
              </span>
            </li>
            <li
              class="basket-item__list-item"
            >
              test type
            </li>
            <li
              class="basket-item__list-item"
            >
              beginner
            </li>
          </ul>
          <p
            class="basket-item__price"
          >
            <span
              class="visually-hidden"
            >
              Цена:
            </span>
            10
          </p>
        </div>
      </div>
      <div
        class="modal__buttons"
      >
        <button
          class="btn btn--purple modal__btn modal__btn--fit-width"
          tabindex="0"
          type="button"
        >
          <svg
            aria-hidden="true"
            height="16"
            width="24"
          >
            <use
              xlink:href="#icon-add-basket"
            />
          </svg>
          Добавить в корзину
        </button>
      </div>
      <button
        aria-label="Закрыть попап"
        class="cross-btn"
        tabindex="0"
        type="button"
      >
        <svg
          aria-hidden="true"
          height="10"
          width="10"
        >
          <use
            xlink:href="#icon-close"
          />
        </svg>
      </button>
    </div>
  </div>
</div>
`;
